
> warriors-arena@0.1.0 test
> vitest run


 RUN  v4.1.5 /Users/geovanni/Documents/Geovanni/Final Wrriors Arena/files/wa_phase0/warriors-arena

 ✓ src/__tests__/architecture/separation-of-concerns.test.ts (3 tests) 65ms
 ❯ tests/unit/permissions.test.ts (3 tests | 1 failed) 14ms
     ✓ returns active: false for inactive users 3ms
     ✓ returns empty permissions for users with no role 1ms
     × flattens nested permission keys correctly for active admins 6ms
 ✓ src/__tests__/e2e/cms-flow.test.ts (1 test) 260ms
 ✓ src/__tests__/api/admin-cms.test.ts (5 tests) 249ms
stderr | src/__tests__/api/cms.test.ts > CMS API — /api/v1/cms > GET /api/v1/cms/hero > returns hero content with en and ar keys
Is the server running? Run npm run dev for e2e tests

 ✓ src/__tests__/types/cms.types.test.ts (2 tests) 2ms
 ✓ src/__tests__/api/cms.test.ts (6 tests) 1107ms
       ✓ returns hero content with en and ar keys  449ms
 ❯ tests/e2e/receipt.spec.ts (0 test)
stdout | tests/e2e/public-api.test.ts > Public API Integration > POST /bookings handles heavy concurrency atomically
Concurrency Test Results: {
  successCount: 0,
  conflictCount: 0,
  statuses: [
    500, 500, 500, 500,
    500, 500, 500, 500,
    500, 500
  ]
}

 ✓ tests/e2e/public-api.test.ts (3 tests) 1998ms
     ✓ GET /games returns active games  831ms
     ✓ POST /bookings handles heavy concurrency atomically  917ms
 ✓ src/lib/time/cairo.test.ts (4 tests) 5ms
 ✓ tests/unit/cairo.test.ts (4 tests) 5ms

⎯⎯⎯⎯⎯⎯ Failed Suites 1 ⎯⎯⎯⎯⎯⎯⎯

 FAIL  tests/e2e/receipt.spec.ts [ tests/e2e/receipt.spec.ts ]
Error: Playwright Test did not expect test.describe() to be called here.
Most common reasons include:
- You are calling test.describe() in a configuration file.
- You are calling test.describe() in a file that is imported by the configuration file.
- You have two different versions of @playwright/test. This usually happens
  when one of the dependencies in your package.json depends on @playwright/test.
 ❯ TestTypeImpl._currentSuite node_modules/playwright/lib/common/testType.js:75:13
 ❯ TestTypeImpl._describe node_modules/playwright/lib/common/testType.js:115:24
 ❯ Function.describe node_modules/playwright/lib/transform/transform.js:275:12
 ❯ tests/e2e/receipt.spec.ts:7:6
      5| const baseURL = process.env.NEXT_PUBLIC_SITE_URL || 'http://localhost:…
      6|
      7| test.describe('Receipt PDF Generation', () => {
       |      ^
      8|   let bookingCode: string;
      9|   let phoneLast4: string;

⎯⎯⎯⎯⎯⎯⎯⎯⎯⎯⎯⎯⎯⎯⎯⎯⎯⎯⎯⎯⎯⎯⎯⎯[1/2]⎯


⎯⎯⎯⎯⎯⎯⎯ Failed Tests 1 ⎯⎯⎯⎯⎯⎯⎯

 FAIL  tests/unit/permissions.test.ts > Permissions System > flattens nested permission keys correctly for active admins
AssertionError: expected null to be 'super_admin' // Object.is equality

- Expected:
"super_admin"

+ Received:
null

 ❯ tests/unit/permissions.test.ts:90:24
     88|     const perms = await getUserPermissions("admin-id");
     89|     expect(perms.isActive).toBe(true);
     90|     expect(perms.role).toBe("super_admin");
       |                        ^
     91|     expect(perms.permissionKeys).toContain("manage_bookings");
     92|     expect(perms.permissionKeys).toContain("view_revenue");

⎯⎯⎯⎯⎯⎯⎯⎯⎯⎯⎯⎯⎯⎯⎯⎯⎯⎯⎯⎯⎯⎯⎯⎯[2/2]⎯


 Test Files  2 failed | 8 passed (10)
      Tests  1 failed | 30 passed (31)
   Start at  22:12:50
   Duration  3.91s (transform 1.50s, setup 0ms, import 3.81s, tests 3.70s, environment 10.49s)

